../Core/Src/main.c:169:10:Compute_CRC16	2
../Core/Src/main.c:177:7:PI_Update	7
../Core/Src/main.c:206:6:MD03_Write	1
../Core/Src/main.c:210:9:MD03_ReadStatus	1
../Core/Src/main.c:217:6:MD03_SetMotor	2
../Core/Src/main.c:226:6:SpeedControlLoop	1
../Core/Src/main.c:265:6:ParseValidatedPayload	3
../Core/Src/main.c:276:6:ProcessSerialByte	12
../Core/Src/main.c:332:6:CheckForInboundPackets	2
../Core/Src/main.c:359:6:SendTelemetryToROS	2
../Core/Src/main.c:403:6:HAL_TIM_PeriodElapsedCallback	3
../Core/Src/main.c:491:6:SystemClock_Config	4
../Core/Src/main.c:424:5:main	16
../Core/Src/main.c:883:6:HAL_UART_TxCpltCallback	2
../Core/Src/main.c:896:6:Error_Handler	1
