../Core/Src/stm32f3xx_hal_msp.c:67:6:HAL_MspInit	8	static
../Core/Src/stm32f3xx_hal_msp.c:92:6:HAL_ADC_MspInit	48	static
../Core/Src/stm32f3xx_hal_msp.c:150:6:HAL_ADC_MspDeInit	8	static
../Core/Src/stm32f3xx_hal_msp.c:183:6:HAL_I2C_MspInit	40	static
../Core/Src/stm32f3xx_hal_msp.c:220:6:HAL_I2C_MspDeInit	8	static
../Core/Src/stm32f3xx_hal_msp.c:251:6:HAL_TIM_Encoder_MspInit	48	static
../Core/Src/stm32f3xx_hal_msp.c:322:6:HAL_TIM_Base_MspInit	16	static
../Core/Src/stm32f3xx_hal_msp.c:348:6:HAL_TIM_Encoder_MspDeInit	8	static
../Core/Src/stm32f3xx_hal_msp.c:399:6:HAL_TIM_Base_MspDeInit	0	static
../Core/Src/stm32f3xx_hal_msp.c:424:6:HAL_UART_MspInit	48	static
../Core/Src/stm32f3xx_hal_msp.c:497:6:HAL_UART_MspDeInit	8	static
