../Core/Src/main.c:179:10:Compute_CRC16	2
../Core/Src/main.c:187:23:MovingAverageDiff	1
../Core/Src/main.c:199:7:PI_Update	9
../Core/Src/main.c:229:6:MD03_Write	1
../Core/Src/main.c:233:9:MD03_ReadStatus	1
../Core/Src/main.c:240:6:MD03_SetMotor	3
../Core/Src/main.c:249:6:SpeedControlLoop	2
../Core/Src/main.c:293:6:ParseValidatedPayload	3
../Core/Src/main.c:304:6:ProcessSerialByte	14
../Core/Src/main.c:360:6:CheckForInboundPackets	2
../Core/Src/main.c:370:20:CaptureSnapshot	1
../Core/Src/main.c:387:6:SendTelemetryToROS	2
../Core/Src/main.c:431:6:HAL_TIM_PeriodElapsedCallback	3
../Core/Src/main.c:452:5:main	3
../Core/Src/main.c:544:6:SystemClock_Config	4
../Core/Src/main.c:593:13:MX_ADC1_Init	4
../Core/Src/main.c:658:13:MX_I2C1_Init	4
../Core/Src/main.c:706:13:MX_TIM1_Init	3
../Core/Src/main.c:757:13:MX_TIM2_Init	3
../Core/Src/main.c:806:13:MX_TIM6_Init	3
../Core/Src/main.c:844:13:MX_USART2_UART_Init	2
../Core/Src/main.c:877:13:MX_DMA_Init	1
../Core/Src/main.c:901:13:MX_GPIO_Init	1
../Core/Src/main.c:936:6:HAL_UART_TxCpltCallback	2
../Core/Src/main.c:949:6:Error_Handler	1
