../Core/Src/main.c:169:10:Compute_CRC16	24	static
../Core/Src/main.c:177:7:PI_Update	40	static
../Core/Src/main.c:206:6:MD03_Write	32	static
../Core/Src/main.c:210:9:MD03_ReadStatus	40	static
../Core/Src/main.c:217:6:MD03_SetMotor	24	static
../Core/Src/main.c:226:6:SpeedControlLoop	32	static
../Core/Src/main.c:265:6:ParseValidatedPayload	24	static
../Core/Src/main.c:276:6:ProcessSerialByte	40	static
../Core/Src/main.c:332:6:CheckForInboundPackets	16	static
../Core/Src/main.c:342:20:CaptureSnapshot	24	static,ignoring_inline_asm
../Core/Src/main.c:359:6:SendTelemetryToROS	24	static
../Core/Src/main.c:403:6:HAL_TIM_PeriodElapsedCallback	16	static
../Core/Src/main.c:424:5:main	8	static
../Core/Src/main.c:490:6:SystemClock_Config	120	static
../Core/Src/main.c:539:13:MX_ADC1_Init	32	static
../Core/Src/main.c:604:13:MX_I2C1_Init	8	static
../Core/Src/main.c:652:13:MX_TIM1_Init	56	static
../Core/Src/main.c:703:13:MX_TIM2_Init	56	static
../Core/Src/main.c:752:13:MX_TIM6_Init	24	static
../Core/Src/main.c:790:13:MX_USART2_UART_Init	8	static
../Core/Src/main.c:823:13:MX_DMA_Init	16	static
../Core/Src/main.c:847:13:MX_GPIO_Init	48	static
../Core/Src/main.c:882:6:HAL_UART_TxCpltCallback	16	static
../Core/Src/main.c:895:6:Error_Handler	4	static,ignoring_inline_asm
