../Core/Src/main.c:181:10:Compute_CRC16	24	static
../Core/Src/main.c:189:23:MovingAverageDiff	24	static
../Core/Src/main.c:201:7:PI_Update	40	static
../Core/Src/main.c:231:6:MD03_Write	32	static
../Core/Src/main.c:235:9:MD03_ReadStatus	40	static
../Core/Src/main.c:242:6:MD03_SetMotor	24	static
../Core/Src/main.c:252:6:SpeedControlLoop	32	static
../Core/Src/main.c:300:6:ParseValidatedPayload	24	static
../Core/Src/main.c:311:6:ProcessSerialByte	40	static
../Core/Src/main.c:367:6:CheckForInboundPackets	16	static
../Core/Src/main.c:377:20:CaptureSnapshot	24	static,ignoring_inline_asm
../Core/Src/main.c:394:6:SendTelemetryToROS	24	static
../Core/Src/main.c:438:6:HAL_TIM_PeriodElapsedCallback	16	static
../Core/Src/main.c:459:5:main	16	static
../Core/Src/main.c:551:6:SystemClock_Config	120	static
../Core/Src/main.c:600:13:MX_ADC1_Init	32	static
../Core/Src/main.c:665:13:MX_I2C1_Init	8	static
../Core/Src/main.c:713:13:MX_TIM1_Init	56	static
../Core/Src/main.c:764:13:MX_TIM2_Init	56	static
../Core/Src/main.c:813:13:MX_TIM6_Init	24	static
../Core/Src/main.c:851:13:MX_USART2_UART_Init	8	static
../Core/Src/main.c:884:13:MX_DMA_Init	16	static
../Core/Src/main.c:908:13:MX_GPIO_Init	48	static
../Core/Src/main.c:943:6:HAL_UART_TxCpltCallback	16	static
../Core/Src/main.c:956:6:Error_Handler	4	static,ignoring_inline_asm
