../Core/Src/main.c:179:10:Compute_CRC16	24	static
../Core/Src/main.c:187:23:MovingAverageDiff	24	static
../Core/Src/main.c:199:7:PI_Update	40	static
../Core/Src/main.c:229:6:MD03_Write	32	static
../Core/Src/main.c:233:9:MD03_ReadStatus	40	static
../Core/Src/main.c:240:6:MD03_SetMotor	24	static
../Core/Src/main.c:249:6:SpeedControlLoop	32	static
../Core/Src/main.c:293:6:ParseValidatedPayload	24	static
../Core/Src/main.c:304:6:ProcessSerialByte	40	static
../Core/Src/main.c:360:6:CheckForInboundPackets	16	static
../Core/Src/main.c:370:20:CaptureSnapshot	24	static,ignoring_inline_asm
../Core/Src/main.c:387:6:SendTelemetryToROS	24	static
../Core/Src/main.c:431:6:HAL_TIM_PeriodElapsedCallback	16	static
../Core/Src/main.c:452:5:main	16	static
../Core/Src/main.c:544:6:SystemClock_Config	120	static
../Core/Src/main.c:593:13:MX_ADC1_Init	32	static
../Core/Src/main.c:658:13:MX_I2C1_Init	8	static
../Core/Src/main.c:706:13:MX_TIM1_Init	56	static
../Core/Src/main.c:757:13:MX_TIM2_Init	56	static
../Core/Src/main.c:806:13:MX_TIM6_Init	24	static
../Core/Src/main.c:844:13:MX_USART2_UART_Init	8	static
../Core/Src/main.c:877:13:MX_DMA_Init	16	static
../Core/Src/main.c:901:13:MX_GPIO_Init	48	static
../Core/Src/main.c:936:6:HAL_UART_TxCpltCallback	16	static
../Core/Src/main.c:949:6:Error_Handler	4	static,ignoring_inline_asm
