../Core/Src/main.c:187:10:Compute_CRC16	24	static
../Core/Src/main.c:195:23:MovingAverageDiff	24	static
../Core/Src/main.c:207:7:PI_Update	40	static
../Core/Src/main.c:237:6:MD03_Write	32	static
../Core/Src/main.c:241:9:MD03_ReadStatus	40	static
../Core/Src/main.c:248:6:MD03_SetMotor	24	static
../Core/Src/main.c:258:6:SpeedControlLoop	32	static
../Core/Src/main.c:306:6:ParseValidatedPayload	24	static
../Core/Src/main.c:317:6:ProcessSerialByte	40	static
../Core/Src/main.c:373:6:CheckForInboundPackets	16	static
../Core/Src/main.c:387:20:CaptureSnapshot	24	static,ignoring_inline_asm
../Core/Src/main.c:404:6:SendTelemetryToROS	24	static
../Core/Src/main.c:448:6:HAL_TIM_PeriodElapsedCallback	16	static
../Core/Src/main.c:470:5:main	16	static
../Core/Src/main.c:581:6:SystemClock_Config	120	static
../Core/Src/main.c:630:13:MX_ADC1_Init	32	static
../Core/Src/main.c:695:13:MX_I2C1_Init	8	static
../Core/Src/main.c:743:13:MX_TIM1_Init	56	static
../Core/Src/main.c:794:13:MX_TIM2_Init	56	static
../Core/Src/main.c:843:13:MX_TIM6_Init	24	static
../Core/Src/main.c:881:13:MX_USART2_UART_Init	8	static
../Core/Src/main.c:914:13:MX_DMA_Init	16	static
../Core/Src/main.c:938:13:MX_GPIO_Init	48	static
../Core/Src/main.c:973:6:HAL_UART_TxCpltCallback	16	static
../Core/Src/main.c:986:6:Error_Handler	4	static,ignoring_inline_asm
