../Core/Src/main.c:181:10:Compute_CRC16	2
../Core/Src/main.c:189:23:MovingAverageDiff	1
../Core/Src/main.c:201:7:PI_Update	7
../Core/Src/main.c:231:6:MD03_Write	1
../Core/Src/main.c:235:9:MD03_ReadStatus	1
../Core/Src/main.c:242:6:MD03_SetMotor	3
../Core/Src/main.c:252:6:SpeedControlLoop	2
../Core/Src/main.c:300:6:ParseValidatedPayload	3
../Core/Src/main.c:311:6:ProcessSerialByte	14
../Core/Src/main.c:367:6:CheckForInboundPackets	2
../Core/Src/main.c:377:20:CaptureSnapshot	1
../Core/Src/main.c:394:6:SendTelemetryToROS	2
../Core/Src/main.c:438:6:HAL_TIM_PeriodElapsedCallback	3
../Core/Src/main.c:459:5:main	3
../Core/Src/main.c:551:6:SystemClock_Config	4
../Core/Src/main.c:600:13:MX_ADC1_Init	4
../Core/Src/main.c:665:13:MX_I2C1_Init	4
../Core/Src/main.c:713:13:MX_TIM1_Init	3
../Core/Src/main.c:764:13:MX_TIM2_Init	3
../Core/Src/main.c:813:13:MX_TIM6_Init	3
../Core/Src/main.c:851:13:MX_USART2_UART_Init	2
../Core/Src/main.c:884:13:MX_DMA_Init	1
../Core/Src/main.c:908:13:MX_GPIO_Init	1
../Core/Src/main.c:943:6:HAL_UART_TxCpltCallback	2
../Core/Src/main.c:956:6:Error_Handler	1
