Archive member included to satisfy reference by file (symbol)

E:/Programs/STM/STM32CubeIDE_1.19.0/STM32CubeIDE/plugins/com.st.stm32cube.ide.mcu.externaltools.gnu-tools-for-stm32.13.3.rel1.win32_1.0.0.202411081344/tools/bin/../lib/gcc/arm-none-eabi/13.3.1/../../../../arm-none-eabi/lib/thumb/v7e-m+fp/hard\libc_nano.a(libc_a-exit.o)
                              E:/Programs/STM/STM32CubeIDE_1.19.0/STM32CubeIDE/plugins/com.st.stm32cube.ide.mcu.externaltools.gnu-tools-for-stm32.13.3.rel1.win32_1.0.0.202411081344/tools/bin/../lib/gcc/arm-none-eabi/13.3.1/../../../../arm-none-eabi/lib/thumb/v7e-m+fp/hard/crt0.o (exit)
E:/Programs/STM/STM32CubeIDE_1.19.0/STM32CubeIDE/plugins/com.st.stm32cube.ide.mcu.externaltools.gnu-tools-for-stm32.13.3.rel1.win32_1.0.0.202411081344/tools/bin/../lib/gcc/arm-none-eabi/13.3.1/../../../../arm-none-eabi/lib/thumb/v7e-m+fp/hard\libc_nano.a(libc_a-findfp.o)
                              E:/Programs/STM/STM32CubeIDE_1.19.0/STM32CubeIDE/plugins/com.st.stm32cube.ide.mcu.externaltools.gnu-tools-for-stm32.13.3.rel1.win32_1.0.0.202411081344/tools/bin/../lib/gcc/arm-none-eabi/13.3.1/../../../../arm-none-eabi/lib/thumb/v7e-m+fp/hard\libc_nano.a(libc_a-exit.o) (__stdio_exit_handler)
E:/Programs/STM/STM32CubeIDE_1.19.0/STM32CubeIDE/plugins/com.st.stm32cube.ide.mcu.externaltools.gnu-tools-for-stm32.13.3.rel1.win32_1.0.0.202411081344/tools/bin/../lib/gcc/arm-none-eabi/13.3.1/../../../../arm-none-eabi/lib/thumb/v7e-m+fp/hard\libc_nano.a(libc_a-fwalk.o)
                              E:/Programs/STM/STM32CubeIDE_1.19.0/STM32CubeIDE/plugins/com.st.stm32cube.ide.mcu.externaltools.gnu-tools-for-stm32.13.3.rel1.win32_1.0.0.202411081344/tools/bin/../lib/gcc/arm-none-eabi/13.3.1/../../../../arm-none-eabi/lib/thumb/v7e-m+fp/hard\libc_nano.a(libc_a-findfp.o) (_fwalk_sglue)
E:/Programs/STM/STM32CubeIDE_1.19.0/STM32CubeIDE/plugins/com.st.stm32cube.ide.mcu.externaltools.gnu-tools-for-stm32.13.3.rel1.win32_1.0.0.202411081344/tools/bin/../lib/gcc/arm-none-eabi/13.3.1/../../../../arm-none-eabi/lib/thumb/v7e-m+fp/hard\libc_nano.a(libc_a-stdio.o)
                              E:/Programs/STM/STM32CubeIDE_1.19.0/STM32CubeIDE/plugins/com.st.stm32cube.ide.mcu.externaltools.gnu-tools-for-stm32.13.3.rel1.win32_1.0.0.202411081344/tools/bin/../lib/gcc/arm-none-eabi/13.3.1/../../../../arm-none-eabi/lib/thumb/v7e-m+fp/hard\libc_nano.a(libc_a-findfp.o) (__sread)
E:/Programs/STM/STM32CubeIDE_1.19.0/STM32CubeIDE/plugins/com.st.stm32cube.ide.mcu.externaltools.gnu-tools-for-stm32.13.3.rel1.win32_1.0.0.202411081344/tools/bin/../lib/gcc/arm-none-eabi/13.3.1/../../../../arm-none-eabi/lib/thumb/v7e-m+fp/hard\libc_nano.a(libc_a-memset.o)
                              E:/Programs/STM/STM32CubeIDE_1.19.0/STM32CubeIDE/plugins/com.st.stm32cube.ide.mcu.externaltools.gnu-tools-for-stm32.13.3.rel1.win32_1.0.0.202411081344/tools/bin/../lib/gcc/arm-none-eabi/13.3.1/../../../../arm-none-eabi/lib/thumb/v7e-m+fp/hard/crt0.o (memset)
E:/Programs/STM/STM32CubeIDE_1.19.0/STM32CubeIDE/plugins/com.st.stm32cube.ide.mcu.externaltools.gnu-tools-for-stm32.13.3.rel1.win32_1.0.0.202411081344/tools/bin/../lib/gcc/arm-none-eabi/13.3.1/../../../../arm-none-eabi/lib/thumb/v7e-m+fp/hard\libc_nano.a(libc_a-closer.o)
                              E:/Programs/STM/STM32CubeIDE_1.19.0/STM32CubeIDE/plugins/com.st.stm32cube.ide.mcu.externaltools.gnu-tools-for-stm32.13.3.rel1.win32_1.0.0.202411081344/tools/bin/../lib/gcc/arm-none-eabi/13.3.1/../../../../arm-none-eabi/lib/thumb/v7e-m+fp/hard\libc_nano.a(libc_a-stdio.o) (_close_r)
E:/Programs/STM/STM32CubeIDE_1.19.0/STM32CubeIDE/plugins/com.st.stm32cube.ide.mcu.externaltools.gnu-tools-for-stm32.13.3.rel1.win32_1.0.0.202411081344/tools/bin/../lib/gcc/arm-none-eabi/13.3.1/../../../../arm-none-eabi/lib/thumb/v7e-m+fp/hard\libc_nano.a(libc_a-reent.o)
                              E:/Programs/STM/STM32CubeIDE_1.19.0/STM32CubeIDE/plugins/com.st.stm32cube.ide.mcu.externaltools.gnu-tools-for-stm32.13.3.rel1.win32_1.0.0.202411081344/tools/bin/../lib/gcc/arm-none-eabi/13.3.1/../../../../arm-none-eabi/lib/thumb/v7e-m+fp/hard\libc_nano.a(libc_a-closer.o) (errno)
E:/Programs/STM/STM32CubeIDE_1.19.0/STM32CubeIDE/plugins/com.st.stm32cube.ide.mcu.externaltools.gnu-tools-for-stm32.13.3.rel1.win32_1.0.0.202411081344/tools/bin/../lib/gcc/arm-none-eabi/13.3.1/../../../../arm-none-eabi/lib/thumb/v7e-m+fp/hard\libc_nano.a(libc_a-impure.o)
                              E:/Programs/STM/STM32CubeIDE_1.19.0/STM32CubeIDE/plugins/com.st.stm32cube.ide.mcu.externaltools.gnu-tools-for-stm32.13.3.rel1.win32_1.0.0.202411081344/tools/bin/../lib/gcc/arm-none-eabi/13.3.1/../../../../arm-none-eabi/lib/thumb/v7e-m+fp/hard\libc_nano.a(libc_a-reent.o) (_impure_ptr)
E:/Programs/STM/STM32CubeIDE_1.19.0/STM32CubeIDE/plugins/com.st.stm32cube.ide.mcu.externaltools.gnu-tools-for-stm32.13.3.rel1.win32_1.0.0.202411081344/tools/bin/../lib/gcc/arm-none-eabi/13.3.1/../../../../arm-none-eabi/lib/thumb/v7e-m+fp/hard\libc_nano.a(libc_a-lseekr.o)
[...]
Memory Configuration

Name             Origin             Length             Attributes
RAM              0x20000000         0x00004000         xrw
FLASH            0x08000000         0x00010000         xr
*default*        0x00000000         0xffffffff

Linker script and memory map

LOAD E:/Programs/STM/STM32CubeIDE_1.19.0/STM32CubeIDE/plugins/com.st.stm32cube.ide.mcu.externaltools.gnu-tools-for-stm32.13.3.rel1.win32_1.0.0.202411081344/tools/bin/../lib/gcc/arm-none-eabi/13.3.1/thumb/v7e-m+fp/hard/crti.o
LOAD E:/Programs/STM/STM32CubeIDE_1.19.0/STM32CubeIDE/plugins/com.st.stm32cube.ide.mcu.externaltools.gnu-tools-for-stm32.13.3.rel1.win32_1.0.0.202411081344/tools/bin/../lib/gcc/arm-none-eabi/13.3.1/thumb/v7e-m+fp/hard/crtbegin.o
LOAD E:/Programs/STM/STM32CubeIDE_1.19.0/STM32CubeIDE/plugins/com.st.stm32cube.ide.mcu.externaltools.gnu-tools-for-stm32.13.3.rel1.win32_1.0.0.202411081344/tools/bin/../lib/gcc/arm-none-eabi/13.3.1/../../../../arm-none-eabi/lib/thumb/v7e-m+fp/hard/crt0.o
LOAD ./Core/Src/main.o
LOAD ./Core/Src/stm32f3xx_hal_msp.o
LOAD ./Core/Src/stm32f3xx_it.o
LOAD ./Core/Src/syscalls.o
LOAD ./Core/Src/sysmem.o
LOAD ./Core/Src/system_stm32f3xx.o
LOAD ./Core/Startup/startup_stm32f302r8tx.o
LOAD ./Drivers/STM32F3xx_HAL_Driver/Src/stm32f3xx_hal.o
LOAD ./Drivers/STM32F3xx_HAL_Driver/Src/stm32f3xx_hal_adc.o
LOAD ./Drivers/STM32F3xx_HAL_Driver/Src/stm32f3xx_hal_adc_ex.o
LOAD ./Drivers/STM32F3xx_HAL_Driver/Src/stm32f3xx_hal_cortex.o
LOAD ./Drivers/STM32F3xx_HAL_Driver/Src/stm32f3xx_hal_dma.o
LOAD ./Drivers/STM32F3xx_HAL_Driver/Src/stm32f3xx_hal_exti.o
LOAD ./Drivers/STM32F3xx_HAL_Driver/Src/stm32f3xx_hal_flash.o
LOAD ./Drivers/STM32F3xx_HAL_Driver/Src/stm32f3xx_hal_flash_ex.o
LOAD ./Drivers/STM32F3xx_HAL_Driver/Src/stm32f3xx_hal_gpio.o
LOAD ./Drivers/STM32F3xx_HAL_Driver/Src/stm32f3xx_hal_i2c.o
LOAD ./Drivers/STM32F3xx_HAL_Driver/Src/stm32f3xx_hal_i2c_ex.o
LOAD ./Drivers/STM32F3xx_HAL_Driver/Src/stm32f3xx_hal_pwr.o
LOAD ./Drivers/STM32F3xx_HAL_Driver/Src/stm32f3xx_hal_pwr_ex.o
LOAD ./Drivers/STM32F3xx_HAL_Driver/Src/stm32f3xx_hal_rcc.o
LOAD ./Drivers/STM32F3xx_HAL_Driver/Src/stm32f3xx_hal_rcc_ex.o
LOAD ./Drivers/STM32F3xx_HAL_Driver/Src/stm32f3xx_hal_tim.o
LOAD ./Drivers/STM32F3xx_HAL_Driver/Src/stm32f3xx_hal_tim_ex.o
LOAD ./Drivers/STM32F3xx_HAL_Driver/Src/stm32f3xx_hal_uart.o
LOAD ./Drivers/STM32F3xx_HAL_Driver/Src/stm32f3xx_hal_uart_ex.o
START GROUP
LOAD E:/Programs/STM/STM32CubeIDE_1.19.0/STM32CubeIDE/plugins/com.st.stm32cube.ide.mcu.externaltools.gnu-tools-for-stm32.13.3.rel1.win32_1.0.0.202411081344/tools/bin/../lib/gcc/arm-none-eabi/13.3.1/../../../../arm-none-eabi/lib/thumb/v7e-m+fp/hard\libc_nano.a
LOAD E:/Programs/STM/STM32CubeIDE_1.19.0/STM32CubeIDE/plugins/com.st.stm32cube.ide.mcu.externaltools.gnu-tools-for-stm32.13.3.rel1.win32_1.0.0.202411081344/tools/bin/../lib/gcc/arm-none-eabi/13.3.1/../../../../arm-none-eabi/lib/thumb/v7e-m+fp/hard\libm.a
END GROUP
START GROUP
LOAD E:/Programs/STM/STM32CubeIDE_1.19.0/STM32CubeIDE/plugins/com.st.stm32cube.ide.mcu.externaltools.gnu-tools-for-stm32.13.3.rel1.win32_1.0.0.202411081344/tools/bin/../lib/gcc/arm-none-eabi/13.3.1/thumb/v7e-m+fp/hard\libgcc.a
LOAD E:/Programs/STM/STM32CubeIDE_1.19.0/STM32CubeIDE/plugins/com.st.stm32cube.ide.mcu.externaltools.gnu-tools-for-stm32.13.3.rel1.win32_1.0.0.202411081344/tools/bin/../lib/gcc/arm-none-eabi/13.3.1/../../../../arm-none-eabi/lib/thumb/v7e-m+fp/hard\libc_nano.a
END GROUP
START GROUP
LOAD E:/Programs/STM/STM32CubeIDE_1.19.0/STM32CubeIDE/plugins/com.st.stm32cube.ide.mcu.externaltools.gnu-tools-for-stm32.13.3.rel1.win32_1.0.0.202411081344/tools/bin/../lib/gcc/arm-none-eabi/13.3.1/thumb/v7e-m+fp/hard\libgcc.a
LOAD E:/Programs/STM/STM32CubeIDE_1.19.0/STM32CubeIDE/plugins/com.st.stm32cube.ide.mcu.externaltools.gnu-tools-for-stm32.13.3.rel1.win32_1.0.0.202411081344/tools/bin/../lib/gcc/arm-none-eabi/13.3.1/../../../../arm-none-eabi/lib/thumb/v7e-m+fp/hard\libc_nano.a
LOAD E:/Programs/STM/STM32CubeIDE_1.19.0/STM32CubeIDE/plugins/com.st.stm32cube.ide.mcu.externaltools.gnu-tools-for-stm32.13.3.rel1.win32_1.0.0.202411081344/tools/bin/../lib/gcc/arm-none-eabi/13.3.1/../../../../arm-none-eabi/lib/thumb/v7e-m+fp/hard\libnosys.a
END GROUP
START GROUP
LOAD E:/Programs/STM/STM32CubeIDE_1.19.0/STM32CubeIDE/plugins/com.st.stm32cube.ide.mcu.externaltools.gnu-tools-for-stm32.13.3.rel1.win32_1.0.0.202411081344/tools/bin/../lib/gcc/arm-none-eabi/13.3.1/thumb/v7e-m+fp/hard\libgcc.a
LOAD E:/Programs/STM/STM32CubeIDE_1.19.0/STM32CubeIDE/plugins/com.st.stm32cube.ide.mcu.externaltools.gnu-tools-for-stm32.13.3.rel1.win32_1.0.0.202411081344/tools/bin/../lib/gcc/arm-none-eabi/13.3.1/../../../../arm-none-eabi/lib/thumb/v7e-m+fp/hard\libc_nano.a
LOAD E:/Programs/STM/STM32CubeIDE_1.19.0/STM32CubeIDE/plugins/com.st.stm32cube.ide.mcu.externaltools.gnu-tools-for-stm32.13.3.rel1.win32_1.0.0.202411081344/tools/bin/../lib/gcc/arm-none-eabi/13.3.1/../../../../arm-none-eabi/lib/thumb/v7e-m+fp/hard\libnosys.a
END GROUP
LOAD E:/Programs/STM/STM32CubeIDE_1.19.0/STM32CubeIDE/plugins/com.st.stm32cube.ide.mcu.externaltools.gnu-tools-for-stm32.13.3.rel1.win32_1.0.0.202411081344/tools/bin/../lib/gcc/arm-none-eabi/13.3.1/thumb/v7e-m+fp/hard/crtend.o
LOAD E:/Programs/STM/STM32CubeIDE_1.19.0/STM32CubeIDE/plugins/com.st.stm32cube.ide.mcu.externaltools.gnu-tools-for-stm32.13.3.rel1.win32_1.0.0.202411081344/tools/bin/../lib/gcc/arm-none-eabi/13.3.1/thumb/v7e-m+fp/hard/crtn.o
                0x20004000                        _estack = (ORIGIN (RAM) + LENGTH (RAM))
                0x00000200                        _Min_Heap_Size = 0x200
                0x00000400                        _Min_Stack_Size = 0x400

.isr_vector     0x08000000      0x188
                0x08000000                        . = ALIGN (0x4)
 *(.isr_vector)
 .isr_vector    0x08000000      0x188 ./Core/Startup/startup_stm32f302r8tx.o
                0x08000000                g_pfnVectors
                0x08000188                        . = ALIGN (0x4)

.text           0x08000188     0x34ac
                0x08000188                        . = ALIGN (0x4)
 *(.text)
 .text          0x08000188       0x40 E:/Programs/STM/STM32CubeIDE_1.19.0/STM32CubeIDE/plugins/com.st.stm32cube.ide.mcu.externaltools.gnu-tools-for-stm32.13.3.rel1.win32_1.0.0.202411081344/tools/bin/../lib/gcc/arm-none-eabi/13.3.1/thumb/v7e-m+fp/hard/crtbegin.o
 *(.text*)
 .text.Compute_CRC16
                0x080001c8       0x2c ./Core/Src/main.o
                0x080001c8                Compute_CRC16
 .text.PI_Update
                0x080001f4       0x9e ./Core/Src/main.o
                0x080001f4                PI_Update
 *fill*         0x08000292        0x2 
 .text.MD03_Write
                0x08000294       0x28 ./Core/Src/main.o
                0x08000294                MD03_Write
 .text.MD03_ReadStatus
                0x080002bc       0x30 ./Core/Src/main.o
                0x080002bc                MD03_ReadStatus
 .text.MD03_SetMotor
                0x080002ec       0x2a ./Core/Src/main.o
                0x080002ec                MD03_SetMotor
 *fill*         0x08000316        0x2 
 .text.SpeedControlLoop
                0x08000318      0x14c ./Core/Src/main.o
                0x08000318                SpeedControlLoop
 .text.ParseValidatedPayload
                0x08000464       0x48 ./Core/Src/main.o
                0x08000464                ParseValidatedPayload
 .text.ProcessSerialByte
                0x080004ac       0xf4 ./Core/Src/main.o
                0x080004ac                ProcessSerialByte
 .text.CheckForInboundPackets
                0x080005a0       0x38 ./Core/Src/main.o
                0x080005a0                CheckForInboundPackets
 .text.SendTelemetryToROS
                0x080005d8       0xac ./Core/Src/main.o
                0x080005d8                SendTelemetryToROS
 .text.HAL_TIM_PeriodElapsedCallback
                0x08000684       0x98 ./Core/Src/main.o
                0x08000684                HAL_TIM_PeriodElapsedCallback
 .text.SystemClock_Config
                0x0800071c       0x88 ./Core/Src/main.o
                0x0800071c                SystemClock_Config
 .text.startup.main
                0x080007a4      0x344 ./Core/Src/main.o
                0x080007a4                main
 .text.HAL_UART_TxCpltCallback
                0x08000ae8       0x18 ./Core/Src/main.o
                0x08000ae8                HAL_UART_TxCpltCallback
 .text.Error_Handler
                0x08000b00        0x4 ./Core/Src/main.o
                0x08000b00                Error_Handler
 .text.HAL_MspInit
                0x08000b04       0x34 ./Core/Src/stm32f3xx_hal_msp.o
                0x08000b04                HAL_MspInit
 .text.HAL_ADC_MspInit
                0x08000b38       0xbc ./Core/Src/stm32f3xx_hal_msp.o
                0x08000b38                HAL_ADC_MspInit
 .text.HAL_I2C_MspInit
                0x08000bf4       0x68 ./Core/Src/stm32f3xx_hal_msp.o
                0x08000bf4                HAL_I2C_MspInit
 .text.HAL_TIM_Encoder_MspInit
                0x08000c5c       0xe4 ./Core/Src/stm32f3xx_hal_msp.o
                0x08000c5c                HAL_TIM_Encoder_MspInit
 .text.HAL_TIM_Base_MspInit
                0x08000d40       0x40 ./Core/Src/stm32f3xx_hal_msp.o
                0x08000d40                HAL_TIM_Base_MspInit
 .text.HAL_UART_MspInit
                0x08000d80       0xd4 ./Core/Src/stm32f3xx_hal_msp.o
                0x08000d80                HAL_UART_MspInit
 .text.NMI_Handler
                0x08000e54        0x2 ./Core/Src/stm32f3xx_it.o
                0x08000e54                NMI_Handler
 .text.HardFault_Handler
                0x08000e56        0x2 ./Core/Src/stm32f3xx_it.o
                0x08000e56                HardFault_Handler
 .text.MemManage_Handler
                0x08000e58        0x2 ./Core/Src/stm32f3xx_it.o
                0x08000e58                MemManage_Handler
 .text.BusFault_Handler
                0x08000e5a        0x2 ./Core/Src/stm32f3xx_it.o
                0x08000e5a                BusFault_Handler
 .text.UsageFault_Handler
                0x08000e5c        0x2 ./Core/Src/stm32f3xx_it.o
                0x08000e5c                UsageFault_Handler
 .text.SVC_Handler
                0x08000e5e        0x2 ./Core/Src/stm32f3xx_it.o
                0x08000e5e                SVC_Handler
 .text.DebugMon_Handler
                0x08000e60        0x2 ./Core/Src/stm32f3xx_it.o
                0x08000e60                DebugMon_Handler
 .text.PendSV_Handler
                0x08000e62        0x2 ./Core/Src/stm32f3xx_it.o
                0x08000e62                PendSV_Handler
 .text.SysTick_Handler
                0x08000e64        0x4 ./Core/Src/stm32f3xx_it.o
                0x08000e64                SysTick_Handler
 .text.DMA1_Channel1_IRQHandler
                0x08000e68        0xc ./Core/Src/stm32f3xx_it.o
                0x08000e68                DMA1_Channel1_IRQHandler
 .text.DMA1_Channel6_IRQHandler
                0x08000e74        0xc ./Core/Src/stm32f3xx_it.o
                0x08000e74                DMA1_Channel6_IRQHandler
 .text.DMA1_Channel7_IRQHandler
                0x08000e80        0xc ./Core/Src/stm32f3xx_it.o
                0x08000e80                DMA1_Channel7_IRQHandler
 .text.TIM1_BRK_TIM15_IRQHandler
                0x08000e8c        0xc ./Core/Src/stm32f3xx_it.o
                0x08000e8c                TIM1_BRK_TIM15_IRQHandler
 .text.USART2_IRQHandler
                0x08000e98        0xc ./Core/Src/stm32f3xx_it.o
                0x08000e98                USART2_IRQHandler
 .text.TIM6_DAC_IRQHandler
                0x08000ea4        0xc ./Core/Src/stm32f3xx_it.o
                0x08000ea4                TIM6_DAC_IRQHandler
 .text.SystemInit
                0x08000eb0       0x14 ./Core/Src/system_stm32f3xx.o
                0x08000eb0                SystemInit
 .text.Reset_Handler
                0x08000ec4       0x50 ./Core/Startup/startup_stm32f302r8tx.o
                0x08000ec4                Reset_Handler
 .text.Default_Handler
                0x08000f14        0x2 ./Core/Startup/startup_stm32f302r8tx.o
                0x08000f14                RTC_Alarm_IRQHandler
                0x08000f14                TIM1_CC_IRQHandler
                0x08000f14                USB_HP_IRQHandler
                0x08000f14                PVD_IRQHandler
                0x08000f14                TAMP_STAMP_IRQHandler
                0x08000f14                EXTI3_IRQHandler
                0x08000f14                I2C3_ER_IRQHandler
                0x08000f14                USB_HP_CAN_TX_IRQHandler
                0x08000f14                EXTI0_IRQHandler
                0x08000f14                I2C2_EV_IRQHandler
                0x08000f14                FPU_IRQHandler
                0x08000f14                TIM1_UP_TIM16_IRQHandler
                0x08000f14                CAN_SCE_IRQHandler
                0x08000f14                DMA1_Channel4_IRQHandler
                0x08000f14                ADC1_IRQHandler
                0x08000f14                USART3_IRQHandler
                0x08000f14                CAN_RX1_IRQHandler
                0x08000f14                I2C1_EV_IRQHandler
                0x08000f14                RCC_IRQHandler
                0x08000f14                Default_Handler
                0x08000f14                USBWakeUp_RMP_IRQHandler
                0x08000f14                EXTI15_10_IRQHandler
                0x08000f14                COMP2_IRQHandler
                0x08000f14                I2C3_EV_IRQHandler
                0x08000f14                EXTI9_5_IRQHandler
                0x08000f14                RTC_WKUP_IRQHandler
                0x08000f14                SPI2_IRQHandler
                0x08000f14                USB_LP_CAN_RX0_IRQHandler
                0x08000f14                DMA1_Channel5_IRQHandler
                0x08000f14                USB_LP_IRQHandler
                0x08000f14                EXTI4_IRQHandler
                0x08000f14                TIM1_TRG_COM_TIM17_IRQHandler
                0x08000f14                DMA1_Channel3_IRQHandler
                0x08000f14                WWDG_IRQHandler
                0x08000f14                TIM2_IRQHandler
                0x08000f14                EXTI1_IRQHandler
                0x08000f14                COMP4_6_IRQHandler
                0x08000f14                I2C2_ER_IRQHandler
                0x08000f14                DMA1_Channel2_IRQHandler
                0x08000f14                FLASH_IRQHandler
                0x08000f14                USART1_IRQHandler
                0x08000f14                SPI3_IRQHandler
                0x08000f14                I2C1_ER_IRQHandler
                0x08000f14                USBWakeUp_IRQHandler
                0x08000f14                EXTI2_TSC_IRQHandler
 *fill*         0x08000f16        0x2 
 .text.HAL_InitTick
                0x08000f18       0x48 ./Drivers/STM32F3xx_HAL_Driver/Src/stm32f3xx_hal.o
                0x08000f18                HAL_InitTick
 .text.HAL_Init
                0x08000f60       0x24 ./Drivers/STM32F3xx_HAL_Driver/Src/stm32f3xx_hal.o
                0x08000f60                HAL_Init
 .text.HAL_IncTick
                0x08000f84       0x18 ./Drivers/STM32F3xx_HAL_Driver/Src/stm32f3xx_hal.o
                0x08000f84                HAL_IncTick
 .text.HAL_GetTick
                0x08000f9c        0xc ./Drivers/STM32F3xx_HAL_Driver/Src/stm32f3xx_hal.o
                0x08000f9c                HAL_GetTick
 .text.ADC_Disable
                0x08000fa8       0x64 ./Drivers/STM32F3xx_HAL_Driver/Src/stm32f3xx_hal_adc_ex.o
 .text.HAL_ADC_Init
                0x0800100c      0x1c8 ./Drivers/STM32F3xx_HAL_Driver/Src/stm32f3xx_hal_adc_ex.o
                0x0800100c                HAL_ADC_Init
 .text.HAL_ADC_ConfigChannel
                0x080011d4      0x294 ./Drivers/STM32F3xx_HAL_Driver/Src/stm32f3xx_hal_adc_ex.o
                0x080011d4                HAL_ADC_ConfigChannel
 .text.HAL_NVIC_SetPriorityGrouping
                0x08001468       0x24 ./Drivers/STM32F3xx_HAL_Driver/Src/stm32f3xx_hal_cortex.o
                0x08001468                HAL_NVIC_SetPriorityGrouping
 .text.HAL_NVIC_SetPriority
                0x0800148c       0x64 ./Drivers/STM32F3xx_HAL_Driver/Src/stm32f3xx_hal_cortex.o
                0x0800148c                HAL_NVIC_SetPriority
 .text.HAL_NVIC_EnableIRQ
                0x080014f0       0x1c ./Drivers/STM32F3xx_HAL_Driver/Src/stm32f3xx_hal_cortex.o
                0x080014f0                HAL_NVIC_EnableIRQ
 .text.HAL_SYSTICK_Config
                0x0800150c       0x28 ./Drivers/STM32F3xx_HAL_Driver/Src/stm32f3xx_hal_cortex.o
                0x0800150c                HAL_SYSTICK_Config
 .text.HAL_DMA_Init
                0x08001534       0x58 ./Drivers/STM32F3xx_HAL_Driver/Src/stm32f3xx_hal_dma.o
                0x08001534                HAL_DMA_Init
 .text.HAL_DMA_Start_IT
                0x0800158c       0x76 ./Drivers/STM32F3xx_HAL_Driver/Src/stm32f3xx_hal_dma.o
                0x0800158c                HAL_DMA_Start_IT
 .text.HAL_DMA_Abort
                0x08001602       0x3e ./Drivers/STM32F3xx_HAL_Driver/Src/stm32f3xx_hal_dma.o
                0x08001602                HAL_DMA_Abort
 .text.HAL_DMA_Abort_IT
                0x08001640       0x3e ./Drivers/STM32F3xx_HAL_Driver/Src/stm32f3xx_hal_dma.o
                0x08001640                HAL_DMA_Abort_IT
 .text.HAL_DMA_IRQHandler
                0x0800167e       0x8c ./Drivers/STM32F3xx_HAL_Driver/Src/stm32f3xx_hal_dma.o
                0x0800167e                HAL_DMA_IRQHandler
 *fill*         0x0800170a        0x2 
 .text.HAL_GPIO_Init
                0x0800170c      0x17c ./Drivers/STM32F3xx_HAL_Driver/Src/stm32f3xx_hal_gpio.o
                0x0800170c                HAL_GPIO_Init
 .text.HAL_GPIO_WritePin
                0x08001888        0xa ./Drivers/STM32F3xx_HAL_Driver/Src/stm32f3xx_hal_gpio.o
                0x08001888                HAL_GPIO_WritePin
 .text.I2C_Flush_TXDR
                0x08001892       0x1c ./Drivers/STM32F3xx_HAL_Driver/Src/stm32f3xx_hal_i2c.o
 *fill*         0x080018ae        0x2 
 .text.I2C_TransferConfig
                0x080018b0       0x2c ./Drivers/STM32F3xx_HAL_Driver/Src/stm32f3xx_hal_i2c.o
 .text.I2C_IsErrorOccurred
                0x080018dc      0x100 ./Drivers/STM32F3xx_HAL_Driver/Src/stm32f3xx_hal_i2c.o
 .text.I2C_WaitOnTXISFlagUntilTimeout
                0x080019dc       0x56 ./Drivers/STM32F3xx_HAL_Driver/Src/stm32f3xx_hal_i2c.o
 .text.I2C_WaitOnFlagUntilTimeout
                0x08001a32       0x76 ./Drivers/STM32F3xx_HAL_Driver/Src/stm32f3xx_hal_i2c.o
 .text.I2C_WaitOnSTOPFlagUntilTimeout
                0x08001aa8       0x52 ./Drivers/STM32F3xx_HAL_Driver/Src/stm32f3xx_hal_i2c.o
 .text.HAL_I2C_Init
                0x08001afa       0xaa ./Drivers/STM32F3xx_HAL_Driver/Src/stm32f3xx_hal_i2c.o
                0x08001afa                HAL_I2C_Init
 .text.HAL_I2C_Mem_Write
                0x08001ba4      0x1b4 ./Drivers/STM32F3xx_HAL_Driver/Src/stm32f3xx_hal_i2c.o
                0x08001ba4                HAL_I2C_Mem_Write
 .text.HAL_I2C_Mem_Read
                0x08001d58      0x1bc ./Drivers/STM32F3xx_HAL_Driver/Src/stm32f3xx_hal_i2c.o
                0x08001d58                HAL_I2C_Mem_Read
 .text.HAL_I2CEx_ConfigAnalogFilter
                0x08001f14       0x4c ./Drivers/STM32F3xx_HAL_Driver/Src/stm32f3xx_hal_i2c_ex.o
                0x08001f14                HAL_I2CEx_ConfigAnalogFilter
 .text.HAL_I2CEx_ConfigDigitalFilter
                0x08001f60       0x4a ./Drivers/STM32F3xx_HAL_Driver/Src/stm32f3xx_hal_i2c_ex.o
                0x08001f60                HAL_I2CEx_ConfigDigitalFilter
 *fill*         0x08001faa        0x2 
 .text.HAL_RCC_OscConfig
                0x08001fac      0x4b8 ./Drivers/STM32F3xx_HAL_Driver/Src/stm32f3xx_hal_rcc.o
                0x08001fac                HAL_RCC_OscConfig
 .text.HAL_RCC_GetSysClockFreq
                0x08002464       0x48 ./Drivers/STM32F3xx_HAL_Driver/Src/stm32f3xx_hal_rcc.o
                0x08002464                HAL_RCC_GetSysClockFreq
 .text.HAL_RCC_ClockConfig
                0x080024ac      0x150 ./Drivers/STM32F3xx_HAL_Driver/Src/stm32f3xx_hal_rcc.o
                0x080024ac                HAL_RCC_ClockConfig
 .text.HAL_RCC_GetPCLK1Freq
                0x080025fc       0x30 ./Drivers/STM32F3xx_HAL_Driver/Src/stm32f3xx_hal_rcc.o
                0x080025fc                HAL_RCC_GetPCLK1Freq
 .text.HAL_RCC_GetPCLK2Freq
                0x0800262c       0x30 ./Drivers/STM32F3xx_HAL_Driver/Src/stm32f3xx_hal_rcc.o
                0x0800262c                HAL_RCC_GetPCLK2Freq
 .text.HAL_RCCEx_PeriphCLKConfig
                0x0800265c      0x1d0 ./Drivers/STM32F3xx_HAL_Driver/Src/stm32f3xx_hal_rcc_ex.o
                0x0800265c                HAL_RCCEx_PeriphCLKConfig
 .text.HAL_TIM_Base_Start_IT
                0x0800282c       0x54 ./Drivers/STM32F3xx_HAL_Driver/Src/stm32f3xx_hal_tim.o
                0x0800282c                HAL_TIM_Base_Start_IT
 .text.HAL_TIM_Encoder_Start
                0x08002880       0xb2 ./Drivers/STM32F3xx_HAL_Driver/Src/stm32f3xx_hal_tim.o
                0x08002880                HAL_TIM_Encoder_Start
 .text.HAL_TIM_OC_DelayElapsedCallback
                0x08002932        0x2 ./Drivers/STM32F3xx_HAL_Driver/Src/stm32f3xx_hal_tim.o
                0x08002932                HAL_TIM_OC_DelayElapsedCallback
 .text.HAL_TIM_IC_CaptureCallback
                0x08002934        0x2 ./Drivers/STM32F3xx_HAL_Driver/Src/stm32f3xx_hal_tim.o
                0x08002934                HAL_TIM_IC_CaptureCallback
 .text.HAL_TIM_PWM_PulseFinishedCallback
                0x08002936        0x2 ./Drivers/STM32F3xx_HAL_Driver/Src/stm32f3xx_hal_tim.o
                0x08002936                HAL_TIM_PWM_PulseFinishedCallback
 .text.HAL_TIM_TriggerCallback
                0x08002938        0x2 ./Drivers/STM32F3xx_HAL_Driver/Src/stm32f3xx_hal_tim.o
                0x08002938                HAL_TIM_TriggerCallback
 .text.HAL_TIM_IRQHandler
                0x0800293a      0x13e ./Drivers/STM32F3xx_HAL_Driver/Src/stm32f3xx_hal_tim.o
                0x0800293a                HAL_TIM_IRQHandler
 .text.TIM_Base_SetConfig
                0x08002a78       0x88 ./Drivers/STM32F3xx_HAL_Driver/Src/stm32f3xx_hal_tim.o
                0x08002a78                TIM_Base_SetConfig
 .text.HAL_TIM_Base_Init
                0x08002b00       0x60 ./Drivers/STM32F3xx_HAL_Driver/Src/stm32f3xx_hal_tim.o
                0x08002b00                HAL_TIM_Base_Init
 .text.HAL_TIM_Encoder_Init
                0x08002b60       0xa8 ./Drivers/STM32F3xx_HAL_Driver/Src/stm32f3xx_hal_tim.o
                0x08002b60                HAL_TIM_Encoder_Init
 .text.HAL_TIMEx_MasterConfigSynchronization
                0x08002c08       0x64 ./Drivers/STM32F3xx_HAL_Driver/Src/stm32f3xx_hal_tim_ex.o
                0x08002c08                HAL_TIMEx_MasterConfigSynchronization
 .text.HAL_TIMEx_CommutCallback
                0x08002c6c        0x2 ./Drivers/STM32F3xx_HAL_Driver/Src/stm32f3xx_hal_tim_ex.o
                0x08002c6c                HAL_TIMEx_CommutCallback
 .text.HAL_TIMEx_BreakCallback
                0x08002c6e        0x2 ./Drivers/STM32F3xx_HAL_Driver/Src/stm32f3xx_hal_tim_ex.o
                0x08002c6e                HAL_TIMEx_BreakCallback
 .text.HAL_TIMEx_Break2Callback
                0x08002c70        0x2 ./Drivers/STM32F3xx_HAL_Driver/Src/stm32f3xx_hal_tim_ex.o
                0x08002c70                HAL_TIMEx_Break2Callback
 .text.UART_EndRxTransfer
                0x08002c72       0x50 ./Drivers/STM32F3xx_HAL_Driver/Src/stm32f3xx_hal_uart.o
 *fill*         0x08002cc2        0x2 
 .text.HAL_UART_Transmit_DMA
                0x08002cc4       0x80 ./Drivers/STM32F3xx_HAL_Driver/Src/stm32f3xx_hal_uart.o
                0x08002cc4                HAL_UART_Transmit_DMA
 .text.UART_DMATransmitCplt
                0x08002d44       0x44 ./Drivers/STM32F3xx_HAL_Driver/Src/stm32f3xx_hal_uart.o
 .text.HAL_UART_TxHalfCpltCallback
                0x08002d88        0x2 ./Drivers/STM32F3xx_HAL_Driver/Src/stm32f3xx_hal_uart.o
                0x08002d88                HAL_UART_TxHalfCpltCallback
 .text.UART_DMATxHalfCplt
                0x08002d8a        0xa ./Drivers/STM32F3xx_HAL_Driver/Src/stm32f3xx_hal_uart.o
 .text.HAL_UART_RxCpltCallback
                0x08002d94        0x2 ./Drivers/STM32F3xx_HAL_Driver/Src/stm32f3xx_hal_uart.o
                0x08002d94                HAL_UART_RxCpltCallback
 .text.HAL_UART_RxHalfCpltCallback
                0x08002d96        0x2 ./Drivers/STM32F3xx_HAL_Driver/Src/stm32f3xx_hal_uart.o
                0x08002d96                HAL_UART_RxHalfCpltCallback
 .text.HAL_UART_ErrorCallback
                0x08002d98        0x2 ./Drivers/STM32F3xx_HAL_Driver/Src/stm32f3xx_hal_uart.o
                0x08002d98                HAL_UART_ErrorCallback
 .text.UART_DMAError
                0x08002d9a       0x56 ./Drivers/STM32F3xx_HAL_Driver/Src/stm32f3xx_hal_uart.o
 .text.UART_DMAAbortOnError
                0x08002df0       0x14 ./Drivers/STM32F3xx_HAL_Driver/Src/stm32f3xx_hal_uart.o
 .text.HAL_UARTEx_RxEventCallback
                0x08002e04        0x2 ./Drivers/STM32F3xx_HAL_Driver/Src/stm32f3xx_hal_uart.o
                0x08002e04                HAL_UARTEx_RxEventCallback
 *fill*         0x08002e06        0x2 
 .text.HAL_UART_IRQHandler
                0x08002e08      0x2a0 ./Drivers/STM32F3xx_HAL_Driver/Src/stm32f3xx_hal_uart.o
                0x08002e08                HAL_UART_IRQHandler
 .text.UART_DMARxHalfCplt
                0x080030a8       0x20 ./Drivers/STM32F3xx_HAL_Driver/Src/stm32f3xx_hal_uart.o
 .text.UART_DMAReceiveCplt
                0x080030c8       0x8c ./Drivers/STM32F3xx_HAL_Driver/Src/stm32f3xx_hal_uart.o
 .text.UART_SetConfig
                0x08003154      0x134 ./Drivers/STM32F3xx_HAL_Driver/Src/stm32f3xx_hal_uart.o
                0x08003154                UART_SetConfig
 .text.UART_AdvFeatureConfig
                0x08003288       0xa8 ./Drivers/STM32F3xx_HAL_Driver/Src/stm32f3xx_hal_uart.o
                0x08003288                UART_AdvFeatureConfig
 .text.UART_WaitOnFlagUntilTimeout
                0x08003330       0x90 ./Drivers/STM32F3xx_HAL_Driver/Src/stm32f3xx_hal_uart.o
                0x08003330                UART_WaitOnFlagUntilTimeout
 .text.UART_CheckIdleState
                0x080033c0       0xb2 ./Drivers/STM32F3xx_HAL_Driver/Src/stm32f3xx_hal_uart.o
                0x080033c0                UART_CheckIdleState
 .text.HAL_UART_Init
                0x08003472       0x5c ./Drivers/STM32F3xx_HAL_Driver/Src/stm32f3xx_hal_uart.o
                0x08003472                HAL_UART_Init
 *fill*         0x080034ce        0x2 
 .text.UART_Start_Receive_DMA
                0x080034d0       0x9c ./Drivers/STM32F3xx_HAL_Driver/Src/stm32f3xx_hal_uart.o
                0x080034d0                UART_Start_Receive_DMA
 .text.HAL_UART_Receive_DMA
                0x0800356c       0x3a ./Drivers/STM32F3xx_HAL_Driver/Src/stm32f3xx_hal_uart.o
                0x0800356c                HAL_UART_Receive_DMA
 .text.HAL_UARTEx_WakeupCallback
                0x080035a6        0x2 ./Drivers/STM32F3xx_HAL_Driver/Src/stm32f3xx_hal_uart_ex.o
                0x080035a6                HAL_UARTEx_WakeupCallback
 .text.memset   0x080035a8       0x10 E:/Programs/STM/STM32CubeIDE_1.19.0/STM32CubeIDE/plugins/com.st.stm32cube.ide.mcu.externaltools.gnu-tools-for-stm32.13.3.rel1.win32_1.0.0.202411081344/tools/bin/../lib/gcc/arm-none-eabi/13.3.1/../../../../arm-none-eabi/lib/thumb/v7e-m+fp/hard\libc_nano.a(libc_a-memset.o)
                0x080035a8                memset
 .text.__libc_init_array
                0x080035b8       0x48 E:/Programs/STM/STM32CubeIDE_1.19.0/STM32CubeIDE/plugins/com.st.stm32cube.ide.mcu.externaltools.gnu-tools-for-stm32.13.3.rel1.win32_1.0.0.202411081344/tools/bin/../lib/gcc/arm-none-eabi/13.3.1/../../../../arm-none-eabi/lib/thumb/v7e-m+fp/hard\libc_nano.a(libc_a-init.o)
                0x080035b8                __libc_init_array
 .text.memcpy   0x08003600       0x1c E:/Programs/STM/STM32CubeIDE_1.19.0/STM32CubeIDE/plugins/com.st.stm32cube.ide.mcu.externaltools.gnu-tools-for-stm32.13.3.rel1.win32_1.0.0.202411081344/tools/bin/../lib/gcc/arm-none-eabi/13.3.1/../../../../arm-none-eabi/lib/thumb/v7e-m+fp/hard\libc_nano.a(libc_a-memcpy-stub.o)
                0x08003600                memcpy
 *(.glue_7)
 .glue_7        0x0800361c        0x0 linker stubs
 *(.glue_7t)
 .glue_7t       0x0800361c        0x0 linker stubs
 *(.eh_frame)
 .eh_frame      0x0800361c        0x0 E:/Programs/STM/STM32CubeIDE_1.19.0/STM32CubeIDE/plugins/com.st.stm32cube.ide.mcu.externaltools.gnu-tools-for-stm32.13.3.rel1.win32_1.0.0.202411081344/tools/bin/../lib/gcc/arm-none-eabi/13.3.1/thumb/v7e-m+fp/hard/crtbegin.o
 *(.init)
 .init          0x0800361c        0x4 E:/Programs/STM/STM32CubeIDE_1.19.0/STM32CubeIDE/plugins/com.st.stm32cube.ide.mcu.externaltools.gnu-tools-for-stm32.13.3.rel1.win32_1.0.0.202411081344/tools/bin/../lib/gcc/arm-none-eabi/13.3.1/thumb/v7e-m+fp/hard/crti.o
                0x0800361c                _init
 .init          0x08003620        0x8 E:/Programs/STM/STM32CubeIDE_1.19.0/STM32CubeIDE/plugins/com.st.stm32cube.ide.mcu.externaltools.gnu-tools-for-stm32.13.3.rel1.win32_1.0.0.202411081344/tools/bin/../lib/gcc/arm-none-eabi/13.3.1/thumb/v7e-m+fp/hard/crtn.o
 *(.fini)
 .fini          0x08003628        0x4 E:/Programs/STM/STM32CubeIDE_1.19.0/STM32CubeIDE/plugins/com.st.stm32cube.ide.mcu.externaltools.gnu-tools-for-stm32.13.3.rel1.win32_1.0.0.202411081344/tools/bin/../lib/gcc/arm-none-eabi/13.3.1/thumb/v7e-m+fp/hard/crti.o
                0x08003628                _fini
 .fini          0x0800362c        0x8 E:/Programs/STM/STM32CubeIDE_1.19.0/STM32CubeIDE/plugins/com.st.stm32cube.ide.mcu.externaltools.gnu-tools-for-stm32.13.3.rel1.win32_1.0.0.202411081344/tools/bin/../lib/gcc/arm-none-eabi/13.3.1/thumb/v7e-m+fp/hard/crtn.o
                0x08003634                        . = ALIGN (0x4)
                0x08003634                        _etext = .

.vfp11_veneer   0x08003634        0x0
 .vfp11_veneer  0x08003634        0x0 linker stubs

.v4_bx          0x08003634        0x0
 .v4_bx         0x08003634        0x0 linker stubs

.iplt           0x08003634        0x0
 .iplt          0x08003634        0x0 E:/Programs/STM/STM32CubeIDE_1.19.0/STM32CubeIDE/plugins/com.st.stm32cube.ide.mcu.externaltools.gnu-tools-for-stm32.13.3.rel1.win32_1.0.0.202411081344/tools/bin/../lib/gcc/arm-none-eabi/13.3.1/thumb/v7e-m+fp/hard/crtbegin.o

.rodata         0x08003634      0x23c
                0x08003634                        . = ALIGN (0x4)
 *(.rodata)
 *(.rodata*)
 .rodata.crc16_table
                0x08003634      0x200 ./Core/Src/main.o
 .rodata.APBPrescTable
                0x08003834        0x8 ./Core/Src/system_stm32f3xx.o
                0x08003834                APBPrescTable
 .rodata.AHBPrescTable
                0x0800383c       0x10 ./Core/Src/system_stm32f3xx.o
                0x0800383c                AHBPrescTable
 .rodata.aPredivFactorTable
                0x0800384c       0x10 ./Drivers/STM32F3xx_HAL_Driver/Src/stm32f3xx_hal_rcc.o
 .rodata.aPLLMULFactorTable
                0x0800385c       0x10 ./Drivers/STM32F3xx_HAL_Driver/Src/stm32f3xx_hal_rcc.o
 .rodata.CSWTCH.53
                0x0800386c        0x3 ./Drivers/STM32F3xx_HAL_Driver/Src/stm32f3xx_hal_uart.o
                0x08003870                        . = ALIGN (0x4)
 *fill*         0x0800386f        0x1 

.ARM.extab      0x08003870        0x0
                0x08003870                        . = ALIGN (0x4)
 *(.ARM.extab* .gnu.linkonce.armextab.*)
                0x08003870                        . = ALIGN (0x4)

.ARM            0x08003870        0x0
                0x08003870                        . = ALIGN (0x4)
                0x08003870                        __exidx_start = .
 *(.ARM.exidx*)
                0x08003870                        __exidx_end = .
                0x08003870                        . = ALIGN (0x4)

.preinit_array  0x08003870        0x0
                0x08003870                        . = ALIGN (0x4)
                0x08003870                        PROVIDE (__preinit_array_start = .)
 *(.preinit_array*)
                0x08003870                        PROVIDE (__preinit_array_end = .)
                0x08003870                        . = ALIGN (0x4)

.init_array     0x08003870        0x4
                0x08003870                        . = ALIGN (0x4)
                0x08003870                        PROVIDE (__init_array_start = .)
 *(SORT_BY_NAME(.init_array.*))
 *(.init_array*)
 .init_array    0x08003870        0x4 E:/Programs/STM/STM32CubeIDE_1.19.0/STM32CubeIDE/plugins/com.st.stm32cube.ide.mcu.externaltools.gnu-tools-for-stm32.13.3.rel1.win32_1.0.0.202411081344/tools/bin/../lib/gcc/arm-none-eabi/13.3.1/thumb/v7e-m+fp/hard/crtbegin.o
                0x08003874                        PROVIDE (__init_array_end = .)
                0x08003874                        . = ALIGN (0x4)

.fini_array     0x08003874        0x4
                0x08003874                        . = ALIGN (0x4)
                [!provide]                        PROVIDE (__fini_array_start = .)
 *(SORT_BY_NAME(.fini_array.*))
 *(.fini_array*)
 .fini_array    0x08003874        0x4 E:/Programs/STM/STM32CubeIDE_1.19.0/STM32CubeIDE/plugins/com.st.stm32cube.ide.mcu.externaltools.gnu-tools-for-stm32.13.3.rel1.win32_1.0.0.202411081344/tools/bin/../lib/gcc/arm-none-eabi/13.3.1/thumb/v7e-m+fp/hard/crtbegin.o
                [!provide]                        PROVIDE (__fini_array_end = .)
                0x08003878                        . = ALIGN (0x4)
                0x08003878                        _sidata = LOADADDR (.data)

.rel.dyn        0x08003878        0x0
 .rel.iplt      0x08003878        0x0 E:/Programs/STM/STM32CubeIDE_1.19.0/STM32CubeIDE/plugins/com.st.stm32cube.ide.mcu.externaltools.gnu-tools-for-stm32.13.3.rel1.win32_1.0.0.202411081344/tools/bin/../lib/gcc/arm-none-eabi/13.3.1/thumb/v7e-m+fp/hard/crtbegin.o

.data           0x20000000       0x38 load address 0x08003878
                0x20000000                        . = ALIGN (0x4)
                0x20000000                        _sdata = .
 *(.data)
 *(.data*)
 .data.pi2      0x20000000       0x14 ./Core/Src/main.o
                0x20000000                pi2
 .data.pi1      0x20000014       0x14 ./Core/Src/main.o
                0x20000014                pi1
 .data.uart_tx_ready
                0x20000028        0x1 ./Core/Src/main.o
                0x20000028                uart_tx_ready
 *fill*         0x20000029        0x3 
 .data.SystemCoreClock
                0x2000002c        0x4 ./Core/Src/system_stm32f3xx.o
                0x2000002c                SystemCoreClock
 .data.uwTickFreq
                0x20000030        0x1 ./Drivers/STM32F3xx_HAL_Driver/Src/stm32f3xx_hal.o
                0x20000030                uwTickFreq
 *fill*         0x20000031        0x3 
 .data.uwTickPrio
                0x20000034        0x4 ./Drivers/STM32F3xx_HAL_Driver/Src/stm32f3xx_hal.o
                0x20000034                uwTickPrio
 *(.RamFunc)
 *(.RamFunc*)
                0x20000038                        . = ALIGN (0x4)
                0x20000038                        _edata = .

.igot.plt       0x20000038        0x0 load address 0x080038b0
 .igot.plt      0x20000038        0x0 E:/Programs/STM/STM32CubeIDE_1.19.0/STM32CubeIDE/plugins/com.st.stm32cube.ide.mcu.externaltools.gnu-tools-for-stm32.13.3.rel1.win32_1.0.0.202411081344/tools/bin/../lib/gcc/arm-none-eabi/13.3.1/thumb/v7e-m+fp/hard/crtbegin.o
                0x20000038                        . = ALIGN (0x4)

.bss            0x20000038      0x3a0 load address 0x080038b0
                0x20000038                        _sbss = .
                0x20000038                        __bss_start__ = _sbss
 *(.bss)
 .bss           0x20000038       0x1c E:/Programs/STM/STM32CubeIDE_1.19.0/STM32CubeIDE/plugins/com.st.stm32cube.ide.mcu.externaltools.gnu-tools-for-stm32.13.3.rel1.win32_1.0.0.202411081344/tools/bin/../lib/gcc/arm-none-eabi/13.3.1/thumb/v7e-m+fp/hard/crtbegin.o
 *(.bss*)
 .bss.tx_frame.0
                0x20000054       0x10 ./Core/Src/main.o
 .bss.received_crc.1
                0x20000064        0x2 ./Core/Src/main.o
 .bss.crc_check_payload.2
                0x20000066       0x10 ./Core/Src/main.o
 .bss.current_seq.3
                0x20000076        0x1 ./Core/Src/main.o
 *fill*         0x20000077        0x1 
 .bss.crc_fail_cnt
                0x20000078        0x4 ./Core/Src/main.o
                0x20000078                crc_fail_cnt
 .bss.telemetry_loop_counter
                0x2000007c        0x1 ./Core/Src/main.o
                0x2000007c                telemetry_loop_counter
 .bss.tx_seq_counter
                0x2000007d        0x1 ./Core/Src/main.o
                0x2000007d                tx_seq_counter
 .bss.parser_state
                0x2000007e        0x1 ./Core/Src/main.o
                0x2000007e                parser_state
 .bss.expected_payload_len
                0x2000007f        0x1 ./Core/Src/main.o
                0x2000007f                expected_payload_len
 .bss.parse_idx
                0x20000080        0x1 ./Core/Src/main.o
                0x20000080                parse_idx
 *fill*         0x20000081        0x1 
 .bss.last_dma_read_ptr
                0x20000082        0x2 ./Core/Src/main.o
                0x20000082                last_dma_read_ptr
 .bss.dma_rx_buffer
                0x20000084       0x40 ./Core/Src/main.o
                0x20000084                dma_rx_buffer
 .bss.d2_g      0x200000c4        0x2 ./Core/Src/main.o
                0x200000c4                d2_g
 .bss.d1_g      0x200000c6        0x2 ./Core/Src/main.o
                0x200000c6                d1_g
 .bss.rmp_g2    0x200000c8        0x4 ./Core/Src/main.o
                0x200000c8                rmp_g2
 .bss.rmp_g1    0x200000cc        0x4 ./Core/Src/main.o
                0x200000cc                rmp_g1
 .bss.debug_computed_crc
                0x200000d0        0x2 ./Core/Src/main.o
                0x200000d0                debug_computed_crc
 .bss.debug_received_crc
                0x200000d2        0x2 ./Core/Src/main.o
                0x200000d2                debug_received_crc
 .bss.tx_pending
                0x200000d4        0x1 ./Core/Src/main.o
                0x200000d4                tx_pending
 *fill*         0x200000d5        0x1 
 .bss.adc_raw_buffer
                0x200000d6        0x4 ./Core/Src/main.o
                0x200000d6                adc_raw_buffer
 .bss.md2_status
                0x200000da        0x1 ./Core/Src/main.o
                0x200000da                md2_status
 .bss.md1_status
                0x200000db        0x1 ./Core/Src/main.o
                0x200000db                md1_status
 .bss.rpm2_setpoint
                0x200000dc        0x4 ./Core/Src/main.o
                0x200000dc                rpm2_setpoint
 .bss.rpm1_setpoint
                0x200000e0        0x4 ./Core/Src/main.o
                0x200000e0                rpm1_setpoint
 .bss.enc2_count
                0x200000e4        0x2 ./Core/Src/main.o
                0x200000e4                enc2_count
 .bss.enc1_count
                0x200000e6        0x2 ./Core/Src/main.o
                0x200000e6                enc1_count
 .bss.enc2_prev
                0x200000e8        0x2 ./Core/Src/main.o
                0x200000e8                enc2_prev
 .bss.enc1_prev
                0x200000ea        0x2 ./Core/Src/main.o
                0x200000ea                enc1_prev
 .bss.hdma_usart2_tx
                0x200000ec       0x44 ./Core/Src/main.o
                0x200000ec                hdma_usart2_tx
 .bss.hdma_usart2_rx
                0x20000130       0x44 ./Core/Src/main.o
                0x20000130                hdma_usart2_rx
 .bss.huart2    0x20000174       0x88 ./Core/Src/main.o
                0x20000174                huart2
 .bss.htim6     0x200001fc       0x4c ./Core/Src/main.o
                0x200001fc                htim6
 .bss.htim2     0x20000248       0x4c ./Core/Src/main.o
                0x20000248                htim2
 .bss.htim1     0x20000294       0x4c ./Core/Src/main.o
                0x20000294                htim1
 .bss.hi2c1     0x200002e0       0x54 ./Core/Src/main.o
                0x200002e0                hi2c1
 .bss.hdma_adc1
                0x20000334       0x44 ./Core/Src/main.o
                0x20000334                hdma_adc1
 .bss.hadc1     0x20000378       0x50 ./Core/Src/main.o
                0x20000378                hadc1
 .bss.snapshot  0x200003c8        0xa ./Core/Src/main.o
                0x200003c8                snapshot
 *fill*         0x200003d2        0x2 
 .bss.uwTick    0x200003d4        0x4 ./Drivers/STM32F3xx_HAL_Driver/Src/stm32f3xx_hal.o
                0x200003d4                uwTick
 *(COMMON)
                0x200003d8                        . = ALIGN (0x4)
                0x200003d8                        _ebss = .
                0x200003d8                        __bss_end__ = _ebss

._user_heap_stack
                0x200003d8      0x600 load address 0x080038b0
                0x200003d8                        . = ALIGN (0x8)
                [!provide]                        PROVIDE (end = .)
                0x200003d8                        PROVIDE (_end = .)
                0x200005d8                        . = (. + _Min_Heap_Size)
 *fill*         0x200003d8      0x200 
                0x200009d8                        . = (. + _Min_Stack_Size)
 *fill*         0x200005d8      0x400 
                0x200009d8                        . = ALIGN (0x8)

/DISCARD/
 libc.a(*)
 libm.a(*)
 libgcc.a(*)

.ARM.attributes
                0x00000000       0x30
 *(.ARM.attributes)
 .ARM.attributes
                0x00000000       0x22 E:/Programs/STM/STM32CubeIDE_1.19.0/STM32CubeIDE/plugins/com.st.stm32cube.ide.mcu.externaltools.gnu-tools-for-stm32.13.3.rel1.win32_1.0.0.202411081344/tools/bin/../lib/gcc/arm-none-eabi/13.3.1/thumb/v7e-m+fp/hard/crti.o
 .ARM.attributes
                0x00000022       0x34 E:/Programs/STM/STM32CubeIDE_1.19.0/STM32CubeIDE/plugins/com.st.stm32cube.ide.mcu.externaltools.gnu-tools-for-stm32.13.3.rel1.win32_1.0.0.202411081344/tools/bin/../lib/gcc/arm-none-eabi/13.3.1/thumb/v7e-m+fp/hard/crtbegin.o
 .ARM.attributes
                0x00000056       0x34 ./Core/Src/main.o
 .ARM.attributes
                0x0000008a       0x34 ./Core/Src/stm32f3xx_hal_msp.o
 .ARM.attributes
                0x000000be       0x34 ./Core/Src/stm32f3xx_it.o
 .ARM.attributes
                0x000000f2       0x34 ./Core/Src/system_stm32f3xx.o
 .ARM.attributes
                0x00000126       0x21 ./Core/Startup/startup_stm32f302r8tx.o
 .ARM.attributes
                0x00000147       0x34 ./Drivers/STM32F3xx_HAL_Driver/Src/stm32f3xx_hal.o
 .ARM.attributes
                0x0000017b       0x34 ./Drivers/STM32F3xx_HAL_Driver/Src/stm32f3xx_hal_adc_ex.o
 .ARM.attributes
                0x000001af       0x34 ./Drivers/STM32F3xx_HAL_Driver/Src/stm32f3xx_hal_cortex.o
 .ARM.attributes
                0x000001e3       0x34 ./Drivers/STM32F3xx_HAL_Driver/Src/stm32f3xx_hal_dma.o
 .ARM.attributes
                0x00000217       0x34 ./Drivers/STM32F3xx_HAL_Driver/Src/stm32f3xx_hal_gpio.o
 .ARM.attributes
                0x0000024b       0x34 ./Drivers/STM32F3xx_HAL_Driver/Src/stm32f3xx_hal_i2c.o
 .ARM.attributes
                0x0000027f       0x34 ./Drivers/STM32F3xx_HAL_Driver/Src/stm32f3xx_hal_i2c_ex.o
 .ARM.attributes
                0x000002b3       0x34 ./Drivers/STM32F3xx_HAL_Driver/Src/stm32f3xx_hal_rcc.o
 .ARM.attributes
                0x000002e7       0x34 ./Drivers/STM32F3xx_HAL_Driver/Src/stm32f3xx_hal_rcc_ex.o
 .ARM.attributes
                0x0000031b       0x34 ./Drivers/STM32F3xx_HAL_Driver/Src/stm32f3xx_hal_tim.o
 .ARM.attributes
                0x0000034f       0x34 ./Drivers/STM32F3xx_HAL_Driver/Src/stm32f3xx_hal_tim_ex.o
 .ARM.attributes
                0x00000383       0x34 ./Drivers/STM32F3xx_HAL_Driver/Src/stm32f3xx_hal_uart.o
 .ARM.attributes
                0x000003b7       0x34 ./Drivers/STM32F3xx_HAL_Driver/Src/stm32f3xx_hal_uart_ex.o
 .ARM.attributes
                0x000003eb       0x34 E:/Programs/STM/STM32CubeIDE_1.19.0/STM32CubeIDE/plugins/com.st.stm32cube.ide.mcu.externaltools.gnu-tools-for-stm32.13.3.rel1.win32_1.0.0.202411081344/tools/bin/../lib/gcc/arm-none-eabi/13.3.1/../../../../arm-none-eabi/lib/thumb/v7e-m+fp/hard\libc_nano.a(libc_a-memset.o)
 .ARM.attributes
                0x0000041f       0x34 E:/Programs/STM/STM32CubeIDE_1.19.0/STM32CubeIDE/plugins/com.st.stm32cube.ide.mcu.externaltools.gnu-tools-for-stm32.13.3.rel1.win32_1.0.0.202411081344/tools/bin/../lib/gcc/arm-none-eabi/13.3.1/../../../../arm-none-eabi/lib/thumb/v7e-m+fp/hard\libc_nano.a(libc_a-init.o)
 .ARM.attributes
                0x00000453       0x34 E:/Programs/STM/STM32CubeIDE_1.19.0/STM32CubeIDE/plugins/com.st.stm32cube.ide.mcu.externaltools.gnu-tools-for-stm32.13.3.rel1.win32_1.0.0.202411081344/tools/bin/../lib/gcc/arm-none-eabi/13.3.1/../../../../arm-none-eabi/lib/thumb/v7e-m+fp/hard\libc_nano.a(libc_a-memcpy-stub.o)
 .ARM.attributes
                0x00000487       0x22 E:/Programs/STM/STM32CubeIDE_1.19.0/STM32CubeIDE/plugins/com.st.stm32cube.ide.mcu.externaltools.gnu-tools-for-stm32.13.3.rel1.win32_1.0.0.202411081344/tools/bin/../lib/gcc/arm-none-eabi/13.3.1/thumb/v7e-m+fp/hard/crtn.o
OUTPUT(MRVK-LL.elf elf32-littlearm)
LOAD linker stubs
LOAD E:/Programs/STM/STM32CubeIDE_1.19.0/STM32CubeIDE/plugins/com.st.stm32cube.ide.mcu.externaltools.gnu-tools-for-stm32.13.3.rel1.win32_1.0.0.202411081344/tools/bin/../lib/gcc/arm-none-eabi/13.3.1/../../../../arm-none-eabi/lib/thumb/v7e-m+fp/hard\libc.a
LOAD E:/Programs/STM/STM32CubeIDE_1.19.0/STM32CubeIDE/plugins/com.st.stm32cube.ide.mcu.externaltools.gnu-tools-for-stm32.13.3.rel1.win32_1.0.0.202411081344/tools/bin/../lib/gcc/arm-none-eabi/13.3.1/../../../../arm-none-eabi/lib/thumb/v7e-m+fp/hard\libm.a
LOAD E:/Programs/STM/STM32CubeIDE_1.19.0/STM32CubeIDE/plugins/com.st.stm32cube.ide.mcu.externaltools.gnu-tools-for-stm32.13.3.rel1.win32_1.0.0.202411081344/tools/bin/../lib/gcc/arm-none-eabi/13.3.1/thumb/v7e-m+fp/hard\libgcc.a

.comment        0x00000000       0x43
 .comment       0x00000000       0x43 ./Core/Src/main.o
                                 0x44 (size before relaxing)
 .comment       0x00000043       0x44 ./Core/Src/stm32f3xx_hal_msp.o
 .comment       0x00000043       0x44 ./Core/Src/stm32f3xx_it.o
 .comment       0x00000043       0x44 ./Core/Src/system_stm32f3xx.o
 .comment       0x00000043       0x44 ./Drivers/STM32F3xx_HAL_Driver/Src/stm32f3xx_hal.o
 .comment       0x00000043       0x44 ./Drivers/STM32F3xx_HAL_Driver/Src/stm32f3xx_hal_adc_ex.o
 .comment       0x00000043       0x44 ./Drivers/STM32F3xx_HAL_Driver/Src/stm32f3xx_hal_cortex.o
 .comment       0x00000043       0x44 ./Drivers/STM32F3xx_HAL_Driver/Src/stm32f3xx_hal_dma.o
 .comment       0x00000043       0x44 ./Drivers/STM32F3xx_HAL_Driver/Src/stm32f3xx_hal_gpio.o
 .comment       0x00000043       0x44 ./Drivers/STM32F3xx_HAL_Driver/Src/stm32f3xx_hal_i2c.o
 .comment       0x00000043       0x44 ./Drivers/STM32F3xx_HAL_Driver/Src/stm32f3xx_hal_i2c_ex.o
 .comment       0x00000043       0x44 ./Drivers/STM32F3xx_HAL_Driver/Src/stm32f3xx_hal_rcc.o
 .comment       0x00000043       0x44 ./Drivers/STM32F3xx_HAL_Driver/Src/stm32f3xx_hal_rcc_ex.o
 .comment       0x00000043       0x44 ./Drivers/STM32F3xx_HAL_Driver/Src/stm32f3xx_hal_tim.o
 .comment       0x00000043       0x44 ./Drivers/STM32F3xx_HAL_Driver/Src/stm32f3xx_hal_tim_ex.o
 .comment       0x00000043       0x44 ./Drivers/STM32F3xx_HAL_Driver/Src/stm32f3xx_hal_uart.o
 .comment       0x00000043       0x44 ./Drivers/STM32F3xx_HAL_Driver/Src/stm32f3xx_hal_uart_ex.o

.debug_frame    0x00000000       0x74
 .debug_frame   0x00000000       0x20 E:/Programs/STM/STM32CubeIDE_1.19.0/STM32CubeIDE/plugins/com.st.stm32cube.ide.mcu.externaltools.gnu-tools-for-stm32.13.3.rel1.win32_1.0.0.202411081344/tools/bin/../lib/gcc/arm-none-eabi/13.3.1/../../../../arm-none-eabi/lib/thumb/v7e-m+fp/hard\libc_nano.a(libc_a-memset.o)
 .debug_frame   0x00000020       0x2c E:/Programs/STM/STM32CubeIDE_1.19.0/STM32CubeIDE/plugins/com.st.stm32cube.ide.mcu.externaltools.gnu-tools-for-stm32.13.3.rel1.win32_1.0.0.202411081344/tools/bin/../lib/gcc/arm-none-eabi/13.3.1/../../../../arm-none-eabi/lib/thumb/v7e-m+fp/hard\libc_nano.a(libc_a-init.o)
 .debug_frame   0x0000004c       0x28 E:/Programs/STM/STM32CubeIDE_1.19.0/STM32CubeIDE/plugins/com.st.stm32cube.ide.mcu.externaltools.gnu-tools-for-stm32.13.3.rel1.win32_1.0.0.202411081344/tools/bin/../lib/gcc/arm-none-eabi/13.3.1/../../../../arm-none-eabi/lib/thumb/v7e-m+fp/hard\libc_nano.a(libc_a-memcpy-stub.o)
